main.c:99:6:HAL_ADC_ConvCpltCallback	16	static
main.c:104:6:HAL_ADC_ConvHalfCpltCallback	16	static
main.c:114:5:main	88	static
main.c:373:6:SystemClock_Config	88	static
main.c:418:13:MX_ADC2_Init	24	static
main.c:468:13:MX_DAC_Init	16	static
main.c:506:13:MX_TIM2_Init	32	static
main.c:551:13:MX_TIM3_Init	32	static
main.c:596:13:MX_TIM4_Init	32	static
main.c:641:13:MX_USART2_UART_Init	8	static
main.c:672:13:MX_DMA_Init	16	static
main.c:697:13:MX_GPIO_Init	48	static
main.c:754:6:allLEDSoff	8	static
main.c:761:6:HAL_DAC_ConvCpltCallbackCh1	24	static
main.c:775:6:HAL_DAC_ConvHalfCpltCallbackCh1	16	static
main.c:792:6:Error_Handler	4	static
